// Jest Snapshot v1, https://goo.gl/fbAQLP

exports[`renders snapshot 1`] = `
Array [
  " ",
  <div
    className="form registered "
  >
    <input
      name="userName"
      onChange={[Function]}
      placeholder="user name"
      type="text"
    />
    <input
      id="name"
      name="password"
      onChange={[Function]}
      placeholder="password"
      type="password"
    />
    <input
      className="btn"
      data-testid="btn"
      onClick={[Function]}
      type="submit"
      value="LOGIN"
    />
    <p
      className="msg"
    >
      Not Registered? 
      <a
        href="/#"
      >
        Register
      </a>
    </p>
  </div>,
  " ",
]
`;
